// Jest Snapshot v1, https://goo.gl/fbAQLP

exports[`<User component/> Render the Component 1`] = `
<div>
  Helene
</div>
`;
